// Jest Snapshot v1, https://goo.gl/fbAQLP

exports[`PokemonPage Component Debe corresponder con el snapshot 1`] = `<loader-stub></loader-stub>`;

exports[`PokemonPage Component Debe corresponder el snapshot cuando carga la data correcta 1`] = `
<div class="pokemon-page">
  <h2>¿Quién es este pokemon?</h2>
  <pokemon-picture-stub pokeid="155" show="false"></pokemon-picture-stub>
  <pokemon-options-stub pokemons="[object Object],[object Object],[object Object],[object Object]" correctpokemon="[object Object]" show="false"></pokemon-options-stub>
</div>
`;
